// Vitest Snapshot v1, https://vitest.dev/guide/snapshot.html

exports[`BookingCard (snapshot) > matches snapshot for a sample booking 1`] = `
<div>
  <div
    class="h-fit rounded-lg border border-gray-200 bg-white p-6 shadow-sm transition hover:shadow-md"
    data-testid="booking-card-10"
  >
    <div
      class="mb-4 flex items-start justify-between"
    >
      <div
        class="flex-1"
      >
        <h3
          class="mb-1 text-lg font-semibold text-gray-900"
        >
          Cozy Apartment Downtown
        </h3>
        <span
          class="text-sm capitalize text-gray-500"
        >
          apartment
        </span>
      </div>
    </div>
    <div
      class="my-4 text-sm text-gray-700"
    >
      <strong>
        Dates:
      </strong>
       
      Jan 9, 2025 - Jan 11, 2025
    </div>
    <div
      class="my-4 text-sm text-gray-500"
    >
      <div>
        <strong>
          Guest:
        </strong>
         
        John Doe
      </div>
      <div>
        <strong>
          Email:
        </strong>
         
        john@example.com
      </div>
    </div>
    <div
      class="mt-4 flex gap-3"
    >
      <button
        class="rounded-md border border-blue-600 bg-blue-600 px-4 py-2 text-sm font-medium text-white transition hover:bg-blue-700"
        type="button"
      >
        Edit
      </button>
      <button
        class="rounded-md border border-red-500 bg-white px-4 py-2 text-sm font-medium text-red-600 transition hover:bg-red-50"
        type="button"
      >
        Delete
      </button>
    </div>
  </div>
</div>
`;
