// Vitest Snapshot v1, https://vitest.dev/guide/snapshot.html

exports[`Navigation (snapshot) > matches snapshot on bookings route 1`] = `
<div>
  <nav
    class="sc-beySbL fThhDm"
  >
    <div
      class="sc-guDLRU gkQOmv"
    >
      <a
        class="sc-dmyDGl dKDaA-D"
        data-discover="true"
        href="/"
      >
        <img
          alt="Booking Agency"
          class="sc-hLQRIK doKwqm"
          src="/logo.svg"
        />
        <span>
          Booking Agency
        </span>
      </a>
      <button
        aria-expanded="false"
        aria-label="Toggle navigation menu"
        class="sc-jTQDnk hCWSiv"
        type="button"
      >
        <span />
      </button>
      <div
        class="sc-eDLJxb kxFASW"
      >
        <a
          class="sc-iBdmCa gpPvxT"
          data-discover="true"
          href="/"
        >
          Search Properties
        </a>
        <a
          aria-current="page"
          class="sc-iBdmCa fnMdKv active"
          data-discover="true"
          href="/bookings"
        >
          My Bookings
        </a>
      </div>
    </div>
    <div
      class="sc-gLLvbB dyxgAT"
    >
      <a
        class="sc-iBdmCa gpPvxT"
        data-discover="true"
        href="/"
      >
        Search Properties
      </a>
      <a
        aria-current="page"
        class="sc-iBdmCa fnMdKv active"
        data-discover="true"
        href="/bookings"
      >
        My Bookings
      </a>
    </div>
  </nav>
</div>
`;

exports[`Navigation (snapshot) > matches snapshot on homepage route 1`] = `
<div>
  <nav
    class="sc-beySbL fThhDm"
  >
    <div
      class="sc-guDLRU gkQOmv"
    >
      <a
        class="sc-dmyDGl dKDaA-D"
        data-discover="true"
        href="/"
      >
        <img
          alt="Booking Agency"
          class="sc-hLQRIK doKwqm"
          src="/logo.svg"
        />
        <span>
          Booking Agency
        </span>
      </a>
      <button
        aria-expanded="false"
        aria-label="Toggle navigation menu"
        class="sc-jTQDnk hCWSiv"
        type="button"
      >
        <span />
      </button>
      <div
        class="sc-eDLJxb kxFASW"
      >
        <a
          aria-current="page"
          class="sc-iBdmCa fnMdKv active"
          data-discover="true"
          href="/"
        >
          Search Properties
        </a>
        <a
          class="sc-iBdmCa gpPvxT"
          data-discover="true"
          href="/bookings"
        >
          My Bookings
        </a>
      </div>
    </div>
    <div
      class="sc-gLLvbB dyxgAT"
    >
      <a
        aria-current="page"
        class="sc-iBdmCa fnMdKv active"
        data-discover="true"
        href="/"
      >
        Search Properties
      </a>
      <a
        class="sc-iBdmCa gpPvxT"
        data-discover="true"
        href="/bookings"
      >
        My Bookings
      </a>
    </div>
  </nav>
</div>
`;
