// Vitest Snapshot v1, https://vitest.dev/guide/snapshot.html

exports[`Navigation (snapshot) > matches snapshot on bookings route 1`] = `
<div>
  <nav
    class="sticky top-0 z-40 border-b border-gray-200 bg-white/90 px-4 py-4 backdrop-blur-sm sm:px-8"
  >
    <div
      class="mx-auto flex max-w-6xl items-center justify-between"
    >
      <a
        class="flex items-center gap-3 text-xl font-semibold text-blue-600 no-underline transition hover:text-blue-700"
        data-discover="true"
        href="/"
      >
        <img
          alt="Booking Agency"
          class="h-8 w-auto"
          src="/logo.svg"
        />
        <span>
          Booking Agency
        </span>
      </a>
      <button
        aria-expanded="false"
        aria-label="Toggle navigation menu"
        class="relative inline-flex md:hidden"
        type="button"
      >
        <span
          class="block h-0.5 w-6 rounded-full bg-gray-600 before:absolute before:left-0 before:top-[-6px] before:h-0.5 before:w-6 before:rounded-full before:bg-gray-600 before:content-[''] after:absolute after:left-0 after:top-[6px] after:h-0.5 after:w-6 after:rounded-full after:bg-gray-600 after:content-['']"
        />
      </button>
      <div
        class="hidden gap-8 md:flex md:items-center"
      >
        <a
          class="text-base font-medium border-b-2 pb-2 transition-colors no-underline border-transparent text-gray-500 hover:text-blue-600"
          data-discover="true"
          href="/"
        >
          Search Properties
        </a>
        <a
          aria-current="page"
          class="text-base font-medium border-b-2 pb-2 transition-colors no-underline border-blue-600 text-blue-600"
          data-discover="true"
          href="/bookings"
        >
          My Bookings
        </a>
      </div>
    </div>
  </nav>
</div>
`;

exports[`Navigation (snapshot) > matches snapshot on homepage route 1`] = `
<div>
  <nav
    class="sticky top-0 z-40 border-b border-gray-200 bg-white/90 px-4 py-4 backdrop-blur-sm sm:px-8"
  >
    <div
      class="mx-auto flex max-w-6xl items-center justify-between"
    >
      <a
        class="flex items-center gap-3 text-xl font-semibold text-blue-600 no-underline transition hover:text-blue-700"
        data-discover="true"
        href="/"
      >
        <img
          alt="Booking Agency"
          class="h-8 w-auto"
          src="/logo.svg"
        />
        <span>
          Booking Agency
        </span>
      </a>
      <button
        aria-expanded="false"
        aria-label="Toggle navigation menu"
        class="relative inline-flex md:hidden"
        type="button"
      >
        <span
          class="block h-0.5 w-6 rounded-full bg-gray-600 before:absolute before:left-0 before:top-[-6px] before:h-0.5 before:w-6 before:rounded-full before:bg-gray-600 before:content-[''] after:absolute after:left-0 after:top-[6px] after:h-0.5 after:w-6 after:rounded-full after:bg-gray-600 after:content-['']"
        />
      </button>
      <div
        class="hidden gap-8 md:flex md:items-center"
      >
        <a
          aria-current="page"
          class="text-base font-medium border-b-2 pb-2 transition-colors no-underline border-blue-600 text-blue-600"
          data-discover="true"
          href="/"
        >
          Search Properties
        </a>
        <a
          class="text-base font-medium border-b-2 pb-2 transition-colors no-underline border-transparent text-gray-500 hover:text-blue-600"
          data-discover="true"
          href="/bookings"
        >
          My Bookings
        </a>
      </div>
    </div>
  </nav>
</div>
`;
