// Vitest Snapshot v1, https://vitest.dev/guide/snapshot.html

exports[`PropertyCard (snapshot) > matches snapshot for a sample property 1`] = `
<div>
  <div
    class="h-full cursor-pointer overflow-hidden rounded-lg border border-gray-200 bg-white shadow-sm transition hover:-translate-y-0.5 hover:shadow-md"
  >
    <img
      alt="Cozy Apartment Downtown"
      class="h-48 w-full object-cover bg-gray-100"
      src="https://example.com/image.jpg"
    />
    <div
      class="p-4"
    >
      <h3
        class="mb-2 text-lg font-semibold text-gray-900"
      >
        Cozy Apartment Downtown
      </h3>
      <p
        class="mb-3 text-sm text-gray-500"
      >
        123 Main St, City
      </p>
      <div
        class="mb-2 flex items-center justify-between"
      >
        <span
          class="text-sm capitalize text-gray-500"
        >
          apartment
        </span>
        <span
          class="text-base font-semibold text-gray-900"
        >
          $
          150
          /night
        </span>
      </div>
      <div
        class="flex items-center gap-1 text-sm text-gray-500"
      >
        <span>
          ⭐
        </span>
        <span>
          4.5
        </span>
      </div>
    </div>
  </div>
</div>
`;
