// Vitest Snapshot v1, https://vitest.dev/guide/snapshot.html

exports[`PropertyCard (snapshot) > matches snapshot for a sample property 1`] = `
<div>
  <div
    class="sc-beySbL cQfugI"
  >
    <img
      alt="Cozy Apartment Downtown"
      class="sc-guDLRU jiqGjT"
      src="https://example.com/image.jpg"
    />
    <div
      class="sc-dmyDGl ieicqb"
    >
      <h3
        class="sc-hLQRIK cfJBLb"
      >
        Cozy Apartment Downtown
      </h3>
      <p
        class="sc-eDLJxb cemwtL"
      >
        123 Main St, City
      </p>
      <div
        class="sc-jTQDnk htbHhj"
      >
        <span
          class="sc-gLLvbB cFeZFJ"
        >
          apartment
        </span>
        <span
          class="sc-iBdmCa jhdKrA"
        >
          $
          150
          /night
        </span>
      </div>
      <div
        class="sc-fsYeqr geJKVT"
      >
        <span>
          ⭐
        </span>
        <span>
          4.5
        </span>
      </div>
    </div>
  </div>
</div>
`;
